[vagrant@splunk-test ~]$ FACTER_ec2_tag_application='splunk' FACTER_ec2_tag_function='forwarder' pte ci --verbose
Info: Using configured environment 'ci'
Info: Retrieving pluginfacts
Info: Retrieving plugin
Notice: /File[/opt/puppetlabs/puppet/cache/lib/facter/splunk_cwd.rb]/content: content changed '{md5}1340a9ec44ba0d08da07be9e2c4f7ad1' to '{md5}53c87c874667245c3
f23bc72dec43f1d'
Info: Retrieving locales
Info: Loading facts
Info: Caching catalog for splunk-test
Info: Applying configuration version '62c95a7c05ef96ecd56e6894bd944bd6eee95b60'
Notice: Applied catalog in 1.16 seconds
[vagrant@splunk-test ~]$ FACTER_ec2_tag_application='splunk' FACTER_ec2_tag_function='heavyforwarder' pte ci --verbose
Info: Using configured environment 'ci'
Info: Retrieving pluginfacts
Info: Retrieving plugin
Info: Retrieving locales
Info: Loading facts
Info: Caching catalog for splunk-test
Info: Applying configuration version '62c95a7c05ef96ecd56e6894bd944bd6eee95b60'
Notice: /Stage[main]/Splunk::Install/Exec[uninstallSplunkService]/returns: executed successfully
Notice: /Stage[main]/Splunk::Install/Exec[serviceStop]/returns: executed successfully
Notice: /Stage[main]/Splunk::Install/File[/opt/splunkforwarder]/ensure: removed
Notice: /Stage[main]/Splunk::Install/File[/opt/splunkforwarder-7.2.1-be11b2c46e23-Linux-x86_64.tgz]/ensure: removed
Notice: /Stage[main]/Splunk::Install/File[/opt/splunk]/ensure: created
Notice: /Stage[main]/Splunk::Install/Splunk::Fetch[sourcefile]/Exec[retrieve_splunk-7.2.1-be11b2c46e23-Linux-x86_64.tgz]/returns: executed successfully
Notice: /Stage[main]/Splunk::Install/Splunk::Fetch[sourcefile]/File[/opt/splunk-7.2.1-be11b2c46e23-Linux-x86_64.tgz]/owner: owner changed 'root' to 'splunk'
Notice: /Stage[main]/Splunk::Install/Splunk::Fetch[sourcefile]/File[/opt/splunk-7.2.1-be11b2c46e23-Linux-x86_64.tgz]/group: group changed 'root' to 'splunk'
Notice: /Stage[main]/Splunk::Install/Splunk::Fetch[sourcefile]/File[/opt/splunk-7.2.1-be11b2c46e23-Linux-x86_64.tgz]/mode: mode changed '0644' to '0750'
Notice: /Stage[main]/Splunk::Install/Splunk::Fetch[sourcefile]/File[/opt/splunk-7.2.1-be11b2c46e23-Linux-x86_64.tgz]/seluser: seluser changed 'unconfined_u' to
'system_u'
Info: /Stage[main]/Splunk::Install/Splunk::Fetch[sourcefile]/File[/opt/splunk-7.2.1-be11b2c46e23-Linux-x86_64.tgz]: Scheduling refresh of Exec[unpackSplunk]
Info: /Stage[main]/Splunk::Install/Splunk::Fetch[sourcefile]/File[/opt/splunk-7.2.1-be11b2c46e23-Linux-x86_64.tgz]: Scheduling refresh of Exec[unpackSplunk]
Info: /Stage[main]/Splunk::Install/Splunk::Fetch[sourcefile]/File[/opt/splunk-7.2.1-be11b2c46e23-Linux-x86_64.tgz]: Scheduling refresh of Exec[unpackSplunk]
Info: /Stage[main]/Splunk::Install/Splunk::Fetch[sourcefile]/File[/opt/splunk-7.2.1-be11b2c46e23-Linux-x86_64.tgz]: Scheduling refresh of Exec[unpackSplunk]
Info: /Stage[main]/Splunk::Install/Splunk::Fetch[sourcefile]/File[/opt/splunk-7.2.1-be11b2c46e23-Linux-x86_64.tgz]: Scheduling refresh of Exec[unpackSplunk]
Info: /Stage[main]/Splunk::Install/Splunk::Fetch[sourcefile]/File[/opt/splunk-7.2.1-be11b2c46e23-Linux-x86_64.tgz]: Scheduling refresh of Exec[unpackSplunk]
Info: /Stage[main]/Splunk::Install/Splunk::Fetch[sourcefile]/File[/opt/splunk-7.2.1-be11b2c46e23-Linux-x86_64.tgz]: Scheduling refresh of Exec[unpackSplunk]
Info: /Stage[main]/Splunk::Install/Splunk::Fetch[sourcefile]/File[/opt/splunk-7.2.1-be11b2c46e23-Linux-x86_64.tgz]: Scheduling refresh of Exec[unpackSplunk]
Notice: /Stage[main]/Splunk::Install/Exec[unpackSplunk]/returns: executed successfully
Info: /Stage[main]/Splunk::Install/Exec[unpackSplunk]: Scheduling refresh of Exec[serviceStart]
Info: /Stage[main]/Splunk::Install/Exec[unpackSplunk]: Scheduling refresh of Exec[installSplunkService]
Notice: /Stage[main]/Splunk::Install/Exec[unpackSplunk]: Triggered 'refresh' from 8 events
Info: /Stage[main]/Splunk::Install/Exec[unpackSplunk]: Scheduling refresh of Exec[serviceStart]
Info: /Stage[main]/Splunk::Install/Exec[unpackSplunk]: Scheduling refresh of Exec[installSplunkService]
Notice: /Stage[main]/Splunk::Install/Exec[serviceStart]: Triggered 'refresh' from 2 events
Notice: /Stage[main]/Splunk::Install/Exec[installSplunkService]: Triggered 'refresh' from 2 events
Info: Computing checksum on file /.bashrc.custom
Info: /Stage[main]/Splunk::Config/File[/.bashrc.custom]: Filebucketed /.bashrc.custom to puppet with sum 334cddf2c45f60031811b1d6787011c9
Notice: /Stage[main]/Splunk::Config/File[/.bashrc.custom]/content: content changed '{md5}334cddf2c45f60031811b1d6787011c9' to '{md5}e78f942e9ba51f9e8a7f17f6a6de
6a9d'
Notice: /Stage[main]/Splunk::Config/File_line[splunk-start]/ensure: created
Notice: /Stage[main]/Splunk::Config/File_line[splunk-stop]/ensure: created
Notice: /Stage[main]/Splunk::Config/File_line[splunk-restart]/ensure: created
Notice: /Stage[main]/Splunk::Config/File_line[splunk-status]/ensure: created
Info: Computing checksum on file /opt/splunk/etc/splunk-launch.conf
Info: /Stage[main]/Splunk::Config/File[/opt/splunk/etc/splunk-launch.conf]: Filebucketed /opt/splunk/etc/splunk-launch.conf to puppet with sum 17feaf3e36366b52a
7965a00163da057
Notice: /Stage[main]/Splunk::Config/File[/opt/splunk/etc/splunk-launch.conf]/content: content changed '{md5}17feaf3e36366b52a7965a00163da057' to '{md5}e6668b9f5
95dd45692b323505760c158'
Notice: /Stage[main]/Splunk::Config/File[/opt/splunk/etc/splunk-launch.conf]/seluser: seluser changed 'unconfined_u' to 'system_u'
Info: /Stage[main]/Splunk::Config/File[/opt/splunk/etc/splunk-launch.conf]: Scheduling refresh of Service[splunk]
Info: /Stage[main]/Splunk::Config/File[/opt/splunk/etc/splunk-launch.conf]: Scheduling refresh of Service[splunk]
Notice: /Stage[main]/Splunk::Config/File[/opt/splunk/etc/apps]/mode: mode changed '0755' to '0770'
Notice: /Stage[main]/Splunk::Config/File[/opt/splunk/etc/apps]/seluser: seluser changed 'unconfined_u' to 'system_u'
Notice: /Stage[main]/Splunk::Config/File[/opt/splunk/etc/system/local]/mode: mode changed '0755' to '0750'
Notice: /Stage[main]/Splunk::Config/File[/opt/splunk/etc/system/local]/seluser: seluser changed 'unconfined_u' to 'system_u'
Notice: /Stage[main]/Splunk::Config/File[/opt/splunk/etc/system/local/inputs.d]/ensure: created
Notice: /Stage[main]/Splunk::Config/File[/opt/splunk/etc/system/local/inputs.d/000_default]/ensure: defined content as '{md5}adceec35b84ae54bf6fc54d320745c04'
Info: /Stage[main]/Splunk::Config/File[/opt/splunk/etc/system/local/inputs.d/000_default]: Scheduling refresh of Exec[update-inputs]
Notice: /Stage[main]/Splunk::Config/File[/opt/splunk/etc/system/local/inputs.d/000_splunkssl]/ensure: defined content as '{md5}58c2b06e9f64e16cc39177f8ece41edb'
Info: /Stage[main]/Splunk::Config/File[/opt/splunk/etc/system/local/inputs.d/000_splunkssl]: Scheduling refresh of Exec[update-inputs]
Notice: /Stage[main]/Splunk::Config/File[/opt/splunk/etc/system/local/server.d]/ensure: created
Notice: /Stage[main]/Splunk::Config/File[/opt/splunk/etc/system/local/server.d/000_header]/ensure: defined content as '{md5}e6f65802a60245b2fe75fc09a21f91e4'
Info: /Stage[main]/Splunk::Config/File[/opt/splunk/etc/system/local/server.d/000_header]: Scheduling refresh of Exec[update-server]
Info: /Stage[main]/Splunk::Config/File[/opt/splunk/etc/system/local/server.d/000_header]: Scheduling refresh of Exec[update-server]
Notice: /Stage[main]/Splunk::Config/File[/opt/splunk/etc/system/local/server.d/001_license]/ensure: defined content as '{md5}21167b8fa00b2bbeaacdb24ef5af21bc'
Notice: /Stage[main]/Splunk::Config/File[/opt/splunk/etc/system/local/server.d/998_ssl]/ensure: defined content as '{md5}fba52b7978dfaed864d0e89f8cbe40ce'
Info: /Stage[main]/Splunk::Config/File[/opt/splunk/etc/system/local/server.d/998_ssl]: Scheduling refresh of Exec[update-server]
Info: /Stage[main]/Splunk::Config/File[/opt/splunk/etc/system/local/server.d/998_ssl]: Scheduling refresh of Exec[update-server]
Notice: /Stage[main]/Splunk::Config/File[/opt/splunk/etc/system/local/server.d/999_default]/ensure: defined content as '{md5}ec2be825fd7742902c132f686acb362e'
Info: /Stage[main]/Splunk::Config/File[/opt/splunk/etc/system/local/server.d/999_default]: Scheduling refresh of Exec[update-server]
Info: /Stage[main]/Splunk::Config/File[/opt/splunk/etc/system/local/server.d/999_default]: Scheduling refresh of Exec[update-server]
Notice: /Stage[main]/Splunk::Config/File[/opt/splunk/etc/system/local/web.conf]/ensure: defined content as '{md5}834a662efe4ec9e75f00d5213976a0f0'
Info: /Stage[main]/Splunk::Config/File[/opt/splunk/etc/system/local/web.conf]: Scheduling refresh of Service[splunk]
Notice: /Stage[main]/Splunk/Exec[update-server]: Triggered 'refresh' from 6 events
Info: /Stage[main]/Splunk/Exec[update-server]: Scheduling refresh of Service[splunk]
Notice: /Stage[main]/Splunk::Config/Splunk::Input[messages]/File[/opt/splunk/etc/system/local/inputs.d/messages]/ensure: defined content as '{md5}c313fcdeafc9e3
c1e7f765fa9afa4d67'
Info: /Stage[main]/Splunk::Config/Splunk::Input[messages]/File[/opt/splunk/etc/system/local/inputs.d/messages]: Scheduling refresh of Exec[update-inputs]
Notice: /Stage[main]/Splunk::Config/Splunk::Input[secure]/File[/opt/splunk/etc/system/local/inputs.d/secure]/ensure: defined content as '{md5}476a5503b34af1eee3
87d4eb72d18ef7'
Info: /Stage[main]/Splunk::Config/Splunk::Input[secure]/File[/opt/splunk/etc/system/local/inputs.d/secure]: Scheduling refresh of Exec[update-inputs]
Notice: /Stage[main]/Splunk::Config/Splunk::Input[maillog]/File[/opt/splunk/etc/system/local/inputs.d/maillog]/ensure: defined content as '{md5}9ef0d082b333193e
1844f06e2bbb9904'
Info: /Stage[main]/Splunk::Config/Splunk::Input[maillog]/File[/opt/splunk/etc/system/local/inputs.d/maillog]: Scheduling refresh of Exec[update-inputs]
Notice: /Stage[main]/Splunk::Config/Splunk::Input[maillog]/File[/opt/splunk/etc/system/local/inputs.d/maillog]/ensure: defined content as '{md5}9ef0d082b333193e
1844f06e2bbb9904'
Info: /Stage[main]/Splunk::Config/Splunk::Input[maillog]/File[/opt/splunk/etc/system/local/inputs.d/maillog]: Scheduling refresh of Exec[update-inputs]
Notice: /Stage[main]/Splunk::Config/Splunk::Input[spooler]/File[/opt/splunk/etc/system/local/inputs.d/spooler]/ensure: defined content as '{md5}65304fd641278a5a
72480b3b19c04060'
Info: /Stage[main]/Splunk::Config/Splunk::Input[spooler]/File[/opt/splunk/etc/system/local/inputs.d/spooler]: Scheduling refresh of Exec[update-inputs]
Notice: /Stage[main]/Splunk::Config/Splunk::Input[cron]/File[/opt/splunk/etc/system/local/inputs.d/cron]/ensure: defined content as '{md5}8801d98acb14bb108cd544
1ab25fbba1'
Info: /Stage[main]/Splunk::Config/Splunk::Input[cron]/File[/opt/splunk/etc/system/local/inputs.d/cron]: Scheduling refresh of Exec[update-inputs]
Notice: /Stage[main]/Splunk::Config/Splunk::Input[yum]/File[/opt/splunk/etc/system/local/inputs.d/yum]/ensure: defined content as '{md5}8962b264ac673003956d9cc5
59563809'
Info: /Stage[main]/Splunk::Config/Splunk::Input[yum]/File[/opt/splunk/etc/system/local/inputs.d/yum]: Scheduling refresh of Exec[update-inputs]
Notice: /Stage[main]/Splunk/Exec[update-inputs]: Triggered 'refresh' from 8 events
Info: /Stage[main]/Splunk/Exec[update-inputs]: Scheduling refresh of Service[splunk]
Notice: /Stage[main]/Splunk::Service/Service[splunk]: Triggered 'refresh' from 5 events
Notice: Applied catalog in 316.82 seconds
[vagrant@splunk-test ~]$ ps -ef | grep splunk
root      5235     1  0 08:26 ?        00:00:00 /sbin/dhclient -H splunk-test -1 -q -cf /etc/dhcp/dhclient-eth0.conf -lf /var/lib/dhclient/dhclient-eth0.leases
-pf /var/run/dhclient-eth0.pid eth0
splunk   14061     1 17 14:17 ?        00:00:32 splunkd -p 8089 restart
splunk   14067 14061  0 14:17 ?        00:00:00 [splunkd pid=14061] splunkd -p 8089 restart [process-runner]
splunk   14080 14067  1 14:17 ?        00:00:01 mongod --dbpath=/opt/splunk/var/lib/splunk/kvstore/mongo --storageEngine=mmapv1 --port=8191 --timeStampFormat=is
o8601-utc --smallfiles --oplogSize=200 --keyFile=/opt/splunk/var/lib/splunk/kvstore/mongo/splunk.key --setParameter=enableLocalhostAuthBypass=0 --setParameter=o
plogFetcherSteadyStateMaxFetcherRestarts=0 --replSet=9ED6AB19-5C42-4218-BC6F-A20B3757F70F --bind_ip=0.0.0.0 --sslMode=requireSSL --sslAllowInvalidHostnames --ss
lPEMKeyFile=/opt/splunk/etc/auth/server.pem --sslPEMKeyPassword=xxxxxxxx --sslDisabledProtocols=noTLS1_0,noTLS1_1 --sslCipherConfig=ECDHE-ECDSA-AES256-GCM-SHA38
4:ECDHE-RSA-AES256-GCM-SHA384:ECDHE-ECDSA-AES128-GCM-SHA256:ECDHE-RSA-AES128-GCM-SHA256:ECDHE-ECDSA-AES256-SHA384:ECDHE-RSA-AES256-SHA384:ECDHE-ECDSA-AES128-SHA
256:ECDHE-RSA-AES128-SHA256:AES256-GCM-SHA:AES256-SHA:AES128-GCM-SHA:AES128-SHA --nounixsocket --noscripting
splunk   14217 14067  1 14:17 ?        00:00:03 /opt/splunk/bin/python -O /opt/splunk/lib/python2.7/site-packages/splunk/appserver/mrsparkle/root.py --proxied=127.0.0.1,8065,8000
splunk   14251 14067  0 14:17 ?        00:00:00 /opt/splunk/bin/splunkd instrument-resource-usage -p 8089 --with-kvstore
vagrant  14338  8974  0 14:20 pts/0    00:00:00 grep splunk
[vagrant@splunk-test ~]$ sudo netstat -tuanp | grep splunk
tcp        0      0 0.0.0.0:8089                0.0.0.0:*                   LISTEN      14061/splunkd
tcp        0      0 0.0.0.0:8000                0.0.0.0:*                   LISTEN      14061/splunkd
tcp        0      0 127.0.0.1:47720             127.0.0.1:8191              ESTABLISHED 14251/splunkd
tcp        0      0 127.0.0.1:47704             127.0.0.1:8191              ESTABLISHED 14061/splunkd
tcp        0      0 127.0.0.1:47716             127.0.0.1:8191              ESTABLISHED 14251/splunkd
tcp        0      0 127.0.0.1:47702             127.0.0.1:8191              ESTABLISHED 14061/splunkd
tcp        0      0 127.0.0.1:47692             127.0.0.1:8191              ESTABLISHED 14061/splunkd
tcp        0      0 127.0.0.1:47718             127.0.0.1:8191              ESTABLISHED 14251/splunkd
tcp        0      0 127.0.0.1:47724             127.0.0.1:8191              ESTABLISHED 14251/splunkd
tcp        0      0 127.0.0.1:47674             127.0.0.1:8191              ESTABLISHED 14061/splunkd
tcp        0      0 127.0.0.1:47722             127.0.0.1:8191              ESTABLISHED 14251/splunkd
[vagrant@splunk-test ~]$
[vagrant@splunk-test ~]$ FACTER_ec2_tag_application='splunk' FACTER_ec2_tag_function='forwarder' pte ci --verbose                                     [60/19460]
Info: Using configured environment 'ci'
Info: Retrieving pluginfacts
Info: Retrieving plugin
Info: Retrieving locales
Info: Loading facts
Info: Caching catalog for splunk-test
Info: Applying configuration version '62c95a7c05ef96ecd56e6894bd944bd6eee95b60'
Notice: /Stage[main]/Splunk::Install/Exec[uninstallSplunkService]/returns: executed successfully
Notice: /Stage[main]/Splunk::Install/Exec[serviceStop]/returns: executed successfully
Notice: /Stage[main]/Splunk::Install/File[/opt/splunk]/ensure: removed
Notice: /Stage[main]/Splunk::Install/File[/opt/splunk-7.2.1-be11b2c46e23-Linux-x86_64.tgz]/ensure: removed
Notice: /Stage[main]/Splunk::Install/File[/opt/splunkforwarder]/ensure: created
Notice: /Stage[main]/Splunk::Install/Splunk::Fetch[sourcefile]/Exec[retrieve_splunkforwarder-7.2.1-be11b2c46e23-Linux-x86_64.tgz]/returns: executed successfully
Notice: /Stage[main]/Splunk::Install/Splunk::Fetch[sourcefile]/File[/opt/splunkforwarder-7.2.1-be11b2c46e23-Linux-x86_64.tgz]/owner: owner changed 'root' to 'sp
lunk'
Notice: /Stage[main]/Splunk::Install/Splunk::Fetch[sourcefile]/File[/opt/splunkforwarder-7.2.1-be11b2c46e23-Linux-x86_64.tgz]/group: group changed 'root' to 'sp
lunk'
Notice: /Stage[main]/Splunk::Install/Splunk::Fetch[sourcefile]/File[/opt/splunkforwarder-7.2.1-be11b2c46e23-Linux-x86_64.tgz]/mode: mode changed '0644' to '0750
'
Notice: /Stage[main]/Splunk::Install/Splunk::Fetch[sourcefile]/File[/opt/splunkforwarder-7.2.1-be11b2c46e23-Linux-x86_64.tgz]/seluser: seluser changed 'unconfin
ed_u' to 'system_u'
Info: /Stage[main]/Splunk::Install/Splunk::Fetch[sourcefile]/File[/opt/splunkforwarder-7.2.1-be11b2c46e23-Linux-x86_64.tgz]: Scheduling refresh of Exec[unpackSp
lunk]
Info: /Stage[main]/Splunk::Install/Splunk::Fetch[sourcefile]/File[/opt/splunkforwarder-7.2.1-be11b2c46e23-Linux-x86_64.tgz]: Scheduling refresh of Exec[unpackSp
lunk]
Info: /Stage[main]/Splunk::Install/Splunk::Fetch[sourcefile]/File[/opt/splunkforwarder-7.2.1-be11b2c46e23-Linux-x86_64.tgz]: Scheduling refresh of Exec[unpackSp
lunk]
Info: /Stage[main]/Splunk::Install/Splunk::Fetch[sourcefile]/File[/opt/splunkforwarder-7.2.1-be11b2c46e23-Linux-x86_64.tgz]: Scheduling refresh of Exec[unpackSp
lunk]
Info: /Stage[main]/Splunk::Install/Splunk::Fetch[sourcefile]/File[/opt/splunkforwarder-7.2.1-be11b2c46e23-Linux-x86_64.tgz]: Scheduling refresh of Exec[unpackSp
lunk]
Info: /Stage[main]/Splunk::Install/Splunk::Fetch[sourcefile]/File[/opt/splunkforwarder-7.2.1-be11b2c46e23-Linux-x86_64.tgz]: Scheduling refresh of Exec[unpackSp
lunk]
Info: /Stage[main]/Splunk::Install/Splunk::Fetch[sourcefile]/File[/opt/splunkforwarder-7.2.1-be11b2c46e23-Linux-x86_64.tgz]: Scheduling refresh of Exec[unpackSp
lunk]
Info: /Stage[main]/Splunk::Install/Splunk::Fetch[sourcefile]/File[/opt/splunkforwarder-7.2.1-be11b2c46e23-Linux-x86_64.tgz]: Scheduling refresh of Exec[unpackSp
lunk]
Notice: /Stage[main]/Splunk::Install/Exec[unpackSplunk]/returns: executed successfully
Info: /Stage[main]/Splunk::Install/Exec[unpackSplunk]: Scheduling refresh of Exec[serviceStart]
Info: /Stage[main]/Splunk::Install/Exec[unpackSplunk]: Scheduling refresh of Exec[installSplunkService]
Notice: /Stage[main]/Splunk::Install/Exec[unpackSplunk]: Triggered 'refresh' from 8 events
Info: /Stage[main]/Splunk::Install/Exec[unpackSplunk]: Scheduling refresh of Exec[serviceStart]
Info: /Stage[main]/Splunk::Install/Exec[unpackSplunk]: Scheduling refresh of Exec[installSplunkService]
Notice: /Stage[main]/Splunk::Install/Exec[serviceStart]: Triggered 'refresh' from 2 events
Notice: /Stage[main]/Splunk::Install/Exec[installSplunkService]: Triggered 'refresh' from 2 events
Info: Computing checksum on file /.bashrc.custom
Info: /Stage[main]/Splunk::Config/File[/.bashrc.custom]: Filebucketed /.bashrc.custom to puppet with sum e78f942e9ba51f9e8a7f17f6a6de6a9d
Notice: /Stage[main]/Splunk::Config/File[/.bashrc.custom]/content: content changed '{md5}e78f942e9ba51f9e8a7f17f6a6de6a9d' to '{md5}334cddf2c45f60031811b1d67870
11c9'
Info: Computing checksum on file /opt/splunkforwarder/etc/splunk-launch.conf
Info: /Stage[main]/Splunk::Config/File[/opt/splunkforwarder/etc/splunk-launch.conf]: Filebucketed /opt/splunkforwarder/etc/splunk-launch.conf to puppet with sum
 aaeaabe4e82a6851c13175a5e01e38f8
Notice: /Stage[main]/Splunk::Config/File[/opt/splunkforwarder/etc/splunk-launch.conf]/content: content changed '{md5}aaeaabe4e82a6851c13175a5e01e38f8' to '{md5}
5d6941e1afc42b13a7a0f23882944a14'
Notice: /Stage[main]/Splunk::Config/File[/opt/splunkforwarder/etc/splunk-launch.conf]/seluser: seluser changed 'unconfined_u' to 'system_u'
Info: /Stage[main]/Splunk::Config/File[/opt/splunkforwarder/etc/splunk-launch.conf]: Scheduling refresh of Service[splunk]
Info: /Stage[main]/Splunk::Config/File[/opt/splunkforwarder/etc/splunk-launch.conf]: Scheduling refresh of Service[splunk]
Notice: /Stage[main]/Splunk::Config/File[/opt/splunkforwarder/etc/apps]/mode: mode changed '0755' to '0770'
Notice: /Stage[main]/Splunk::Config/File[/opt/splunkforwarder/etc/apps]/seluser: seluser changed 'unconfined_u' to 'system_u'
Notice: /Stage[main]/Splunk::Config/File[/opt/splunkforwarder/etc/system/local]/mode: mode changed '0755' to '0750'
Notice: /Stage[main]/Splunk::Config/File[/opt/splunkforwarder/etc/system/local]/seluser: seluser changed 'unconfined_u' to 'system_u'
Notice: /Stage[main]/Splunk::Config/File[/opt/splunkforwarder/etc/system/local/inputs.d]/ensure: created
Notice: /Stage[main]/Splunk::Config/File[/opt/splunkforwarder/etc/system/local/inputs.d/000_default]/ensure: defined content as '{md5}8812267b49d1cefa04df0a24d8
497c6f'
Info: /Stage[main]/Splunk::Config/File[/opt/splunkforwarder/etc/system/local/inputs.d/000_default]: Scheduling refresh of Exec[update-inputs]
Notice: /Stage[main]/Splunk::Config/File[/opt/splunkforwarder/etc/system/local/inputs.d/000_splunkssl]/ensure: defined content as '{md5}58c2b06e9f64e16cc39177f8ece41edb'
Info: /Stage[main]/Splunk::Config/File[/opt/splunkforwarder/etc/system/local/inputs.d/000_splunkssl]: Scheduling refresh of Exec[update-inputs]
Notice: /Stage[main]/Splunk::Deployment/File[/opt/splunkforwarder/etc/apps/deployclient]/ensure: created
Notice: /Stage[main]/Splunk::Deployment/File[/opt/splunkforwarder/etc/apps/deployclient/local]/ensure: created
Notice: /Stage[main]/Splunk::Config/Splunk::Input[messages]/File[/opt/splunkforwarder/etc/system/local/inputs.d/messages]/ensure: defined content as '{md5}c313fcdeafc9e3c1e7f765fa9afa4d67'
Info: /Stage[main]/Splunk::Config/Splunk::Input[messages]/File[/opt/splunkforwarder/etc/system/local/inputs.d/messages]: Scheduling refresh of Exec[update-inputs]
Notice: /Stage[main]/Splunk::Config/Splunk::Input[secure]/File[/opt/splunkforwarder/etc/system/local/inputs.d/secure]/ensure: defined content as '{md5}476a5503b34af1eee387d4eb72d18ef7'
Info: /Stage[main]/Splunk::Config/Splunk::Input[secure]/File[/opt/splunkforwarder/etc/system/local/inputs.d/secure]: Scheduling refresh of Exec[update-inputs]
Notice: /Stage[main]/Splunk::Config/Splunk::Input[maillog]/File[/opt/splunkforwarder/etc/system/local/inputs.d/maillog]/ensure: defined content as '{md5}9ef0d082b333193e1844f06e2bbb9904'
Info: /Stage[main]/Splunk::Config/Splunk::Input[maillog]/File[/opt/splunkforwarder/etc/system/local/inputs.d/maillog]: Scheduling refresh of Exec[update-inputs]
Notice: /Stage[main]/Splunk::Config/Splunk::Input[spooler]/File[/opt/splunkforwarder/etc/system/local/inputs.d/spooler]/ensure: defined content as '{md5}65304fd641278a5a72480b3b19c04060'
Info: /Stage[main]/Splunk::Config/Splunk::Input[spooler]/File[/opt/splunkforwarder/etc/system/local/inputs.d/spooler]: Scheduling refresh of Exec[update-inputs]
Notice: /Stage[main]/Splunk::Config/Splunk::Input[cron]/File[/opt/splunkforwarder/etc/system/local/inputs.d/cron]/ensure: defined content as '{md5}8801d98acb14bb108cd5441ab25fbba1'
Info: /Stage[main]/Splunk::Config/Splunk::Input[cron]/File[/opt/splunkforwarder/etc/system/local/inputs.d/cron]: Scheduling refresh of Exec[update-inputs]
Notice: /Stage[main]/Splunk::Config/Splunk::Input[yum]/File[/opt/splunkforwarder/etc/system/local/inputs.d/yum]/ensure: defined content as '{md5}8962b264ac673003956d9cc559563809'
Info: /Stage[main]/Splunk::Config/Splunk::Input[yum]/File[/opt/splunkforwarder/etc/system/local/inputs.d/yum]: Scheduling refresh of Exec[update-inputs]
Notice: /Stage[main]/Splunk/Exec[update-inputs]: Triggered 'refresh' from 8 events
Info: /Stage[main]/Splunk/Exec[update-inputs]: Scheduling refresh of Service[splunk]
Notice: /Stage[main]/Splunk::Service/Service[splunk]: Triggered 'refresh' from 3 events
Notice: Applied catalog in 35.99 seconds
[vagrant@splunk-test ~]$
